../Core/Src/HX711_ADC.cpp:14:1:HX711_ADC::HX711_ADC(GPIO_TypeDef*, uint16_t, GPIO_TypeDef*, uint16_t)	48	static
../Core/Src/HX711_ADC.cpp:39:6:void HX711_ADC::setGain(uint8_t)	16	static
../Core/Src/HX711_ADC.cpp:47:6:void HX711_ADC::begin()	16	static
../Core/Src/HX711_ADC.cpp:56:6:void HX711_ADC::begin(uint8_t)	16	static
../Core/Src/HX711_ADC.cpp:80:6:void HX711_ADC::start(long unsigned int)	16	static
../Core/Src/HX711_ADC.cpp:116:6:void HX711_ADC::start(long unsigned int, bool)	24	static
../Core/Src/HX711_ADC.cpp:183:5:int HX711_ADC::startMultiple(long unsigned int)	16	static
../Core/Src/HX711_ADC.cpp:297:5:int HX711_ADC::startMultiple(long unsigned int, bool)	24	static
../Core/Src/HX711_ADC.cpp:384:6:void HX711_ADC::tare()	24	static
../Core/Src/HX711_ADC.cpp:411:6:void HX711_ADC::tareNoDelay()	16	static
../Core/Src/HX711_ADC.cpp:419:6:void HX711_ADC::setCalFactor(float)	16	static
../Core/Src/HX711_ADC.cpp:426:6:bool HX711_ADC::getTareStatus()	24	static
../Core/Src/HX711_ADC.cpp:434:7:float HX711_ADC::getCalFactor()	16	static
../Core/Src/HX711_ADC.cpp:468:9:uint8_t HX711_ADC::update()	24	static
../Core/Src/HX711_ADC.cpp:520:6:bool HX711_ADC::dataWaitingAsync()	24	static
../Core/Src/HX711_ADC.cpp:551:6:bool HX711_ADC::updateAsync()	16	static
../Core/Src/HX711_ADC.cpp:562:7:float HX711_ADC::getData()	24	static
../Core/Src/HX711_ADC.cpp:571:6:long int HX711_ADC::smoothedData()	32	static
../Core/Src/HX711_ADC.cpp:667:6:void HX711_ADC::conversion24bit()	24	static,ignoring_inline_asm
../Core/Src/HX711_ADC.cpp:746:6:void HX711_ADC::powerDown()	16	static
../Core/Src/HX711_ADC.cpp:753:6:void HX711_ADC::powerUp()	16	static
../Core/Src/HX711_ADC.cpp:760:6:long int HX711_ADC::getTareOffset()	16	static
../Core/Src/HX711_ADC.cpp:766:6:void HX711_ADC::setTareOffset(long int)	16	static
../Core/Src/HX711_ADC.cpp:773:5:int HX711_ADC::getReadIndex()	16	static
../Core/Src/HX711_ADC.cpp:780:7:float HX711_ADC::getConversionTime()	16	static
../Core/Src/HX711_ADC.cpp:788:7:float HX711_ADC::getSPS()	24	static
../Core/Src/HX711_ADC.cpp:797:6:bool HX711_ADC::getTareTimeoutFlag()	16	static
../Core/Src/HX711_ADC.cpp:802:6:void HX711_ADC::disableTareTimeout()	16	static
../Core/Src/HX711_ADC.cpp:807:6:long int HX711_ADC::getSettlingTime()	24	static
../Core/Src/HX711_ADC.cpp:815:6:void HX711_ADC::setSamplesInUse(int)	24	static
../Core/Src/HX711_ADC.cpp:845:5:int HX711_ADC::getSamplesInUse()	16	static
../Core/Src/HX711_ADC.cpp:851:6:void HX711_ADC::resetSamplesIndex()	16	static
../Core/Src/HX711_ADC.cpp:873:6:bool HX711_ADC::refreshDataSet()	24	static
../Core/Src/HX711_ADC.cpp:891:6:bool HX711_ADC::getDataSetStatus()	24	static
../Core/Src/HX711_ADC.cpp:902:7:float HX711_ADC::getNewCalibration(float)	32	static
../Core/Src/HX711_ADC.cpp:913:6:bool HX711_ADC::getSignalTimeoutFlag()	16	static
../Core/Src/HX711_ADC.cpp:920:6:void HX711_ADC::setReverseOutput()	16	static
